// Jest Snapshot v1, https://goo.gl/fbAQLP

exports[`should display a form to add images 1`] = `
<div>
  <form
    class="auth"
  >
    <input
      placeholder="Email"
      type="email"
      value=""
    />
    <input
      placeholder="Password"
      type="password"
      value=""
    />
    <button
      type="submit"
    >
      Login
    </button>
    <p>
      New? 
      <a
        href="/register"
      >
        Register
      </a>
    </p>
  </form>
</div>
`;
