// Jest Snapshot v1, https://goo.gl/fbAQLP

exports[`should display footer 1`] = `
<div>
  <footer>
    Â© All Rights Reserved. 2022
  </footer>
</div>
`;
